src/controllers/auth.controller.ts(117,13): error TS6133: 'authService' is declared but its value is never read.
src/controllers/backup.controller.ts(48,42): error TS6133: 'opciones' is declared but its value is never read.
src/controllers/backup.controller.ts(212,33): error TS6133: 'req' is declared but its value is never read.
src/controllers/printer.controller.ts(4,37): error TS6133: 'req' is declared but its value is never read.
src/controllers/printer.controller.ts(29,33): error TS6133: 'req' is declared but its value is never read.
src/controllers/printer.controller.ts(83,33): error TS6133: 'req' is declared but its value is never read.
src/index.ts(7,28): error TS6133: 'ensurePrismaMiddleware' is declared but its value is never read.
src/index.ts(52,15): error TS6133: 'req' is declared but its value is never read.
src/middleware/auth.ts(115,3): error TS6133: 'req' is declared but its value is never read.
src/middleware/auth.ts(117,3): error TS6133: 'next' is declared but its value is never read.
src/routes/auth.routes.ts(12,25): error TS6133: 'req' is declared but its value is never read.
src/routes/index.ts(43,24): error TS6133: 'req' is declared but its value is never read.
src/scripts/seed.ts(55,11): error TS6133: 'cameraRole' is declared but its value is never read.
src/scripts/seed.ts(63,11): error TS6133: 'cocinaRole' is declared but its value is never read.
src/scripts/seed.ts(71,11): error TS6133: 'cajaRole' is declared but its value is never read.
src/scripts/seed.ts(118,11): error TS6133: 'permisosCamarero' is declared but its value is never read.
src/scripts/seed.ts(125,11): error TS6133: 'permisosCocina' is declared but its value is never read.
src/scripts/seed.ts(130,11): error TS6133: 'permisosCaja' is declared but its value is never read.
src/scripts/seed.ts(154,11): error TS6133: 'desarrolladorUser' is declared but its value is never read.
src/scripts/seed.ts(273,11): error TS6133: 'gastoCategoria1' is declared but its value is never read.
src/scripts/seed.ts(281,11): error TS6133: 'gastoCategoria2' is declared but its value is never read.
src/services/google-drive.service.ts(49,19): error TS6133: 'fileId' is declared but its value is never read.
